// Jest Snapshot v1, https://goo.gl/fbAQLP

exports[`should have error 1`] = `
<div
  className="flex flex-1 flex-col-reverse md:flex-row overflow-y-auto"
>
  <div
    className="!flex flex-col bg-gradient-to-br from-[#0A1D3B] to-[#0F2A54] items-center justify-center md:w-[40vw]"
  >
    <div
      className="flex invisible md:visible flex-col flex-1 justify-center w-full space-y-4 lg:space-y-6"
    >
      <div
        className="w-1/2 h-4 lg:h-8 bg-accent rounded-r-[100rem]"
      />
      <div
        className="w-1/2 h-4 lg:h-8 bg-pr-orange rounded-r-[100rem]"
      />
      <div
        className="w-1/2 h-4 lg:h-8 bg-pr-grey rounded-r-[100rem]"
      />
    </div>
    <div
      className="flex flex-1 flex-col justify-end mb-10"
    >
      <div
        className="flex flex-1 items-center flex-col text-white"
      >
        <div
          className="flex flex-1 flex-col font-normal text-[1rem] md:text-[2rem] xl:text-[3.375rem] leading-normal"
        >
          <div
            className="flex flex-1 flex-col justify-center"
          />
          <div
            className="flex flex-row  mt-20"
          >
            <div />
          </div>
        </div>
      </div>
    </div>
  </div>
  <div
    className="!flex flex-1 items-center justify-center md:w-[60vw] md:h-[100vh]"
  >
    <div
      className="flex flex-col items-center"
    >
      <div
        className="flex flex-col items-center space-y-4 mb-16 mt-8"
      >
        <div
          className="text-accent !font-light tracking-[.3em] uppercase text-xs"
        >
          in.topForm1
        </div>
        in.topForm2
        <div
          className="text-center"
        />
      </div>
    </div>
  </div>
</div>
`;

exports[`should load 1`] = `
<div
  className="flex flex-1 flex-col-reverse md:flex-row overflow-y-auto"
>
  <div
    className="!flex flex-col bg-gradient-to-br from-[#0A1D3B] to-[#0F2A54] items-center justify-center md:w-[40vw]"
  >
    <div
      className="flex invisible md:visible flex-col flex-1 justify-center w-full space-y-4 lg:space-y-6"
    >
      <div
        className="w-1/2 h-4 lg:h-8 bg-accent rounded-r-[100rem]"
      />
      <div
        className="w-1/2 h-4 lg:h-8 bg-pr-orange rounded-r-[100rem]"
      />
      <div
        className="w-1/2 h-4 lg:h-8 bg-pr-grey rounded-r-[100rem]"
      />
    </div>
    <div
      className="flex flex-1 flex-col justify-end mb-10"
    >
      <div
        className="flex flex-1 items-center flex-col text-white"
      >
        <div
          className="flex flex-1 flex-col font-normal text-[1rem] md:text-[2rem] xl:text-[3.375rem] leading-normal"
        >
          <div
            className="flex flex-1 flex-col justify-center"
          />
          <div
            className="flex flex-row  mt-20"
          >
            <div />
          </div>
        </div>
      </div>
    </div>
  </div>
  <div
    className="!flex flex-1 items-center justify-center md:w-[60vw] md:h-[100vh]"
  >
    <div
      className="flex flex-col items-center"
    >
      <div
        className="flex flex-col items-center space-y-4 mb-16 mt-8"
      >
        <div
          className="text-accent !font-light tracking-[.3em] uppercase text-xs"
        >
          in.topForm1
        </div>
        in.topForm2
        <div
          className="text-center"
        />
      </div>
    </div>
  </div>
</div>
`;

exports[`should render 1`] = `
<div
  className="flex flex-1 flex-col-reverse md:flex-row overflow-y-auto"
>
  <div
    className="!flex flex-col bg-gradient-to-br from-[#0A1D3B] to-[#0F2A54] items-center justify-center md:w-[40vw]"
  >
    <div
      className="flex invisible md:visible flex-col flex-1 justify-center w-full space-y-4 lg:space-y-6"
    >
      <div
        className="w-1/2 h-4 lg:h-8 bg-accent rounded-r-[100rem]"
      />
      <div
        className="w-1/2 h-4 lg:h-8 bg-pr-orange rounded-r-[100rem]"
      />
      <div
        className="w-1/2 h-4 lg:h-8 bg-pr-grey rounded-r-[100rem]"
      />
    </div>
    <div
      className="flex flex-1 flex-col justify-end mb-10"
    >
      <div
        className="flex flex-1 items-center flex-col text-white"
      >
        <div
          className="flex flex-1 flex-col font-normal text-[1rem] md:text-[2rem] xl:text-[3.375rem] leading-normal"
        >
          <div
            className="flex flex-1 flex-col justify-center"
          />
          <div
            className="flex flex-row  mt-20"
          >
            <div />
          </div>
        </div>
      </div>
    </div>
  </div>
  <div
    className="!flex flex-1 items-center justify-center md:w-[60vw] md:h-[100vh]"
  >
    <div
      className="flex flex-col items-center"
    >
      <div
        className="flex flex-col items-center space-y-4 mb-16 mt-8"
      >
        <div
          className="text-accent !font-light tracking-[.3em] uppercase text-xs"
        >
          in.topForm1
        </div>
        in.topForm2
        <div
          className="text-center"
        />
      </div>
    </div>
  </div>
</div>
`;
