// Jest Snapshot v1, https://goo.gl/fbAQLP

exports[`should render 1`] = `
<div
  className="flex flex-1 flex-col h-full overflow-x-auto"
>
  <form
    onSubmit={[Function]}
  >
    <div
      className="mt-5"
    >
      automations.output.edit.title
      <div
        className="m-2 mb-5 flex-grow "
      >
        <span
          className="flex flex-col "
        >
          <label
            className="text-gray text-[11px]"
            htmlFor="output"
          >
            automations.output.edit.label
          </label>
          <div />
        </span>
      </div>
    </div>
    automations.output.edit.save
  </form>
</div>
`;
