// Jest Snapshot v1, https://goo.gl/fbAQLP

exports[`should hide 1`] = `
<div
  className="
        flex
        absolute top-0 bottom-0 -right-1/3 w-1/3 z-10 flex-col
        transition-transform
        ease-in
        duration-200
        overflow-hidden
        
      "
>
  <div
    className="border border-gray-200 border-solid grow h-full rounded p-4"
  >
    <div
      className="flex flex-col overflow-hidden h-full pb-12"
    >
      <div
        className="flex justify-end"
      />
    </div>
  </div>
</div>
`;

exports[`should render 1`] = `
<div
  className="
        flex
        absolute top-0 bottom-0 -right-1/3 w-1/3 z-10 flex-col
        transition-transform
        ease-in
        duration-200
        overflow-hidden
        
      "
>
  <div
    className="border border-gray-200 border-solid grow h-full rounded p-4"
  >
    <div
      className="flex flex-col overflow-hidden h-full pb-12"
    >
      <div
        className="flex justify-end"
      />
    </div>
  </div>
</div>
`;
