// Jest Snapshot v1, https://goo.gl/fbAQLP

exports[`should render 1`] = `
Array [
  <div>
    Handle
  </div>,
  <div>
    Handle
  </div>,
]
`;
