// Jest Snapshot v1, https://goo.gl/fbAQLP

exports[`should render a builtin block 1`] = `null`;
