// Jest Snapshot v1, https://goo.gl/fbAQLP

exports[`should render 1`] = `
<div
  className="relative flex flex-1"
/>
`;

exports[`should render redirect 1`] = `
<div
  className="relative flex flex-1"
/>
`;
