// Jest Snapshot v1, https://goo.gl/fbAQLP

exports[`should render 1`] = `
<div
  className="flex grow h-full flex-col"
>
  <div
    className="flex justify-between items-center mb-6"
  >
    pages.link
    pages.create.label
  </div>
  <SvgrURL
    className="text-gray-200"
    height={100}
    width={100}
  />
  <div
    className="mt-4 text-gray"
  >
    pages.empty
  </div>
  pages.create.label
</div>
`;
