// Jest Snapshot v1, https://goo.gl/fbAQLP

exports[`should render empty 1`] = `null`;

exports[`should render empty 2`] = `
<div
  className="flex flex-1 flex-column"
/>
`;
