// Jest Snapshot v1, https://goo.gl/fbAQLP

exports[`should render empty 1`] = `
Array [
  <div
    className="mx-32 my-16"
  >
    <div
      className="bg-info px-14 py-8 rounded-[15px]"
    >
      <div
        className="text-2xl py-3 font-bold"
      >
        workspaces.welcome.title
      </div>
      <div
        className="text-prisme-darkblue"
      >
        workspaces.welcome.content
      </div>
      <div
        className="text-accent mt-4 text-sm"
      />
    </div>
    <div
      className="pt-6"
    />
    <div
      className="pt-10"
    >
      <div
        className="text-xl py-3 font-bold"
      >
        workspaces.suggestions.title
      </div>
      <div
        className="flex flex-nowrap -mx-2 sm:flex-col md:flex-row"
      >
        <div
          className="
        relative group flex flex-col h-32
        w-[100%] md:w-[calc(100%/2)] lg:w-[calc(100%/3)] xl:w-[calc(100%/4)]
        "
        >
          <button
            className="flex m-2 h-full justify-between overflow-hidden rounded border
          transition-all
          hover:-translate-y-1 hover:shadow-lg
          p-6 flex border-accent border-dashed bg-ultra-light-accent items-center !justify-start"
            onClick={[Function]}
          >
            <span
              className="flex min-w-[50px] bg-accent p-4 rounded"
            >
              <div />
            </span>
            <span
              className="flex font-bold ml-4 "
            >
              create.label
            </span>
          </button>
        </div>
        <div
          className="flex relative overflow-hidden flex-1 pb-4 -mb-4"
        >
          <div
            className="flex relative overflow-auto flex-1 pb-4 -mb-4"
            style={
              Object {
                "scrollSnapType": "x mandatory",
              }
            }
          >
            <div
              className="flex flex-1"
            />
          </div>
          <button
            className="absolute right-0 !text-light-gray focus:outline-none text-xl"
            onClick={[Function]}
            style={
              Object {
                "top": "calc(50% - 20px)",
              }
            }
          />
        </div>
      </div>
    </div>
  </div>,
  <div
    className="absolute bottom-1 right-1 text-gray mr-1 text-[10px]"
  >
    Prisme.ai v
    6.8.0
  </div>,
]
`;

exports[`should render some workspaces 1`] = `
Array [
  <div
    className="mx-32 my-16"
  >
    <div
      className="bg-info px-14 py-8 rounded-[15px]"
    >
      <div
        className="text-2xl py-3 font-bold"
      >
        workspaces.welcome.title
      </div>
      <div
        className="text-prisme-darkblue"
      >
        workspaces.welcome.content
      </div>
      <div
        className="text-accent mt-4 text-sm"
      />
    </div>
    <div
      className="pt-6"
    />
    <div
      className="pt-10"
    >
      <div
        className="text-xl py-3 font-bold"
      >
        workspaces.suggestions.title
      </div>
      <div
        className="flex flex-nowrap -mx-2 sm:flex-col md:flex-row"
      >
        <div
          className="
        relative group flex flex-col h-32
        w-[100%] md:w-[calc(100%/2)] lg:w-[calc(100%/3)] xl:w-[calc(100%/4)]
        "
        >
          <button
            className="flex m-2 h-full justify-between overflow-hidden rounded border
          transition-all
          hover:-translate-y-1 hover:shadow-lg
          p-6 flex border-accent border-dashed bg-ultra-light-accent items-center !justify-start"
            onClick={[Function]}
          >
            <span
              className="flex min-w-[50px] bg-accent p-4 rounded"
            >
              <div />
            </span>
            <span
              className="flex font-bold ml-4 "
            >
              create.label
            </span>
          </button>
        </div>
        <div
          className="flex relative overflow-hidden flex-1 pb-4 -mb-4"
        >
          <div
            className="flex relative overflow-auto flex-1 pb-4 -mb-4"
            style={
              Object {
                "scrollSnapType": "x mandatory",
              }
            }
          >
            <div
              className="flex flex-1"
            />
          </div>
          <button
            className="absolute right-0 !text-light-gray focus:outline-none text-xl"
            onClick={[Function]}
            style={
              Object {
                "top": "calc(50% - 20px)",
              }
            }
          />
        </div>
      </div>
    </div>
  </div>,
  <div
    className="absolute bottom-1 right-1 text-gray mr-1 text-[10px]"
  >
    Prisme.ai v
    6.8.0
  </div>,
]
`;
