// Jest Snapshot v1, https://goo.gl/fbAQLP

exports[`should render 1`] = `
<div
  className="flex flex-1 align-center justify-center"
/>
`;
