// Jest Snapshot v1, https://goo.gl/fbAQLP

exports[`should render 1`] = `
<div
  id="ace-editor"
  style={
    Object {
      "display": "flex",
      "flex": 1,
      "height": "auto",
      "width": "auto",
    }
  }
/>
`;
