// Jest Snapshot v1, https://goo.gl/fbAQLP

exports[`should render 1`] = `
<div
  className="flex justify-center align-center min-h-screen"
/>
`;
