// Jest Snapshot v1, https://goo.gl/fbAQLP

exports[`should render 1`] = `
<div
  className="p-toast p-component p-toast-bottom-right"
  id={null}
  style={null}
>
  <div />
</div>
`;
